[INFO] Scanning for projects...
[WARNING] 
[WARNING] Some problems were encountered while building the effective model for com:BookStore:jar:0.0.1-SNAPSHOT
[WARNING] 'dependencies.dependency.(groupId:artifactId:type:classifier)' must be unique: org.springframework.boot:spring-boot-starter-web:jar -> duplicate declaration of version (?) @ line 125, column 15
[WARNING] 
[WARNING] It is highly recommended to fix these problems because they threaten the stability of your build.
[WARNING] 
[WARNING] For this reason, future Maven versions might no longer support building such malformed projects.
[WARNING] 
[INFO] 
[INFO] ---------------------------< com:BookStore >----------------------------
[INFO] Building BookStore 0.0.1-SNAPSHOT
[INFO]   from pom.xml
[INFO] --------------------------------[ jar ]---------------------------------
[INFO] 
[INFO] --- clean:3.3.2:clean (default-clean) @ BookStore ---
[INFO] Deleting D:\BookStore\backend\target
[INFO] 
[INFO] --- resources:3.3.1:resources (default-resources) @ BookStore ---
[INFO] Copying 1 resource from src\main\resources to target\classes
[INFO] Copying 5 resources from src\main\resources to target\classes
[INFO] 
[INFO] --- compiler:3.13.0:compile (default-compile) @ BookStore ---
[INFO] Recompiling the module because of changed source code.
[INFO] Compiling 90 source files with javac [debug parameters release 21] to target\classes
[INFO] -------------------------------------------------------------
[ERROR] COMPILATION ERROR : 
[INFO] -------------------------------------------------------------
[ERROR] /D:/BookStore/backend/src/main/java/com/bookstore/controller/BookController.java:[35,22] unmappable character (0xE1) for encoding UTF-8
[ERROR] /D:/BookStore/backend/src/main/java/com/bookstore/controller/BookController.java:[39,69] unmappable character (0xE1) for encoding UTF-8
[ERROR] /D:/BookStore/backend/src/main/java/com/bookstore/controller/BookController.java:[39,75] unmappable character (0xE0) for encoding UTF-8
[ERROR] /D:/BookStore/backend/src/main/java/com/bookstore/controller/BookController.java:[39,80] unmappable character (0xF4) for encoding UTF-8
[ERROR] /D:/BookStore/backend/src/main/java/com/bookstore/controller/BookController.java:[44,18] unmappable character (0xE1) for encoding UTF-8
[ERROR] /D:/BookStore/backend/src/main/java/com/bookstore/controller/BookController.java:[44,23] unmappable character (0xE1) for encoding UTF-8
[ERROR] /D:/BookStore/backend/src/main/java/com/bookstore/controller/BookController.java:[44,52] unmappable character (0xE2) for encoding UTF-8
[ERROR] /D:/BookStore/backend/src/main/java/com/bookstore/controller/BookController.java:[56,65] unmappable character (0xE1) for encoding UTF-8
[ERROR] /D:/BookStore/backend/src/main/java/com/bookstore/controller/BookController.java:[56,70] unmappable character (0xE1) for encoding UTF-8
[ERROR] /D:/BookStore/backend/src/main/java/com/bookstore/controller/BookController.java:[56,76] unmappable character (0xE0) for encoding UTF-8
[ERROR] /D:/BookStore/backend/src/main/java/com/bookstore/controller/BookController.java:[56,81] unmappable character (0xF4) for encoding UTF-8
[ERROR] /D:/BookStore/backend/src/main/java/com/bookstore/controller/BookController.java:[61,9] unmappable character (0xE1) for encoding UTF-8
[ERROR] /D:/BookStore/backend/src/main/java/com/bookstore/controller/BookController.java:[68,60] unmappable character (0xE1) for encoding UTF-8
[ERROR] /D:/BookStore/backend/src/main/java/com/bookstore/controller/BookController.java:[68,74] unmappable character (0xE0) for encoding UTF-8
[ERROR] /D:/BookStore/backend/src/main/java/com/bookstore/controller/BookController.java:[68,79] unmappable character (0xF4) for encoding UTF-8
[ERROR] /D:/BookStore/backend/src/main/java/com/bookstore/controller/BookController.java:[73,9] unmappable character (0xE1) for encoding UTF-8
[ERROR] /D:/BookStore/backend/src/main/java/com/bookstore/controller/BookController.java:[73,14] unmappable character (0xE1) for encoding UTF-8
[ERROR] /D:/BookStore/backend/src/main/java/com/bookstore/controller/BookController.java:[80,60] unmappable character (0xE1) for encoding UTF-8
[ERROR] /D:/BookStore/backend/src/main/java/com/bookstore/controller/BookController.java:[80,65] unmappable character (0xE1) for encoding UTF-8
[ERROR] /D:/BookStore/backend/src/main/java/com/bookstore/controller/BookController.java:[80,75] unmappable character (0xE0) for encoding UTF-8
[ERROR] /D:/BookStore/backend/src/main/java/com/bookstore/controller/BookController.java:[80,80] unmappable character (0xF4) for encoding UTF-8
[ERROR] /D:/BookStore/backend/src/main/java/com/bookstore/controller/BookController.java:[85,9] unmappable character (0xEC) for encoding UTF-8
[ERROR] /D:/BookStore/backend/src/main/java/com/bookstore/controller/BookController.java:[85,18] unmappable character (0xE1) for encoding UTF-8
[ERROR] /D:/BookStore/backend/src/main/java/com/bookstore/controller/BookController.java:[93,56] unmappable character (0xEC) for encoding UTF-8
[ERROR] /D:/BookStore/backend/src/main/java/com/bookstore/controller/BookController.java:[93,65] unmappable character (0xE1) for encoding UTF-8
[ERROR] /D:/BookStore/backend/src/main/java/com/bookstore/controller/BookController.java:[93,71] unmappable character (0xE0) for encoding UTF-8
[ERROR] /D:/BookStore/backend/src/main/java/com/bookstore/controller/BookController.java:[93,76] unmappable character (0xF4) for encoding UTF-8
[ERROR] /D:/BookStore/backend/src/main/java/com/bookstore/controller/BookController.java:[98,13] unmappable character (0xE1) for encoding UTF-8
[ERROR] /D:/BookStore/backend/src/main/java/com/bookstore/controller/BookController.java:[104,49] unmappable character (0xE1) for encoding UTF-8
[ERROR] /D:/BookStore/backend/src/main/java/com/bookstore/controller/BookController.java:[104,55] unmappable character (0xE0) for encoding UTF-8
[ERROR] /D:/BookStore/backend/src/main/java/com/bookstore/controller/BookController.java:[104,60] unmappable character (0xF4) for encoding UTF-8
[ERROR] /D:/BookStore/backend/src/main/java/com/bookstore/controller/BookController.java:[109,26] unmappable character (0xE1) for encoding UTF-8
[ERROR] /D:/BookStore/backend/src/main/java/com/bookstore/controller/BookController.java:[115,72] unmappable character (0xE1) for encoding UTF-8
[ERROR] /D:/BookStore/backend/src/main/java/com/bookstore/controller/BookController.java:[115,76] unmappable character (0xE1) for encoding UTF-8
[ERROR] /D:/BookStore/backend/src/main/java/com/bookstore/controller/BookController.java:[115,82] unmappable character (0xE0) for encoding UTF-8
[ERROR] /D:/BookStore/backend/src/main/java/com/bookstore/controller/BookController.java:[115,87] unmappable character (0xF4) for encoding UTF-8
[ERROR] /D:/BookStore/backend/src/main/java/com/bookstore/dto/response/BookDetailResponse.java:[1,1] unmappable character (0xFF) for encoding UTF-8
[ERROR] /D:/BookStore/backend/src/main/java/com/bookstore/dto/response/BookDetailResponse.java:[1,2] unmappable character (0xFE) for encoding UTF-8
[ERROR] /D:/BookStore/backend/src/main/java/com/bookstore/dto/response/BookSummaryResponse.java:[1,1] unmappable character (0xFF) for encoding UTF-8
[ERROR] /D:/BookStore/backend/src/main/java/com/bookstore/dto/response/BookSummaryResponse.java:[1,2] unmappable character (0xFE) for encoding UTF-8
[ERROR] /D:/BookStore/backend/src/main/java/com/bookstore/service/BookService.java:[91,28] unmappable character (0xF4) for encoding UTF-8
[ERROR] /D:/BookStore/backend/src/main/java/com/bookstore/service/BookService.java:[91,34] unmappable character (0xF9) for encoding UTF-8
[ERROR] /D:/BookStore/backend/src/main/java/com/bookstore/service/BookService.java:[93,70] unmappable character (0xE3) for encoding UTF-8
[ERROR] /D:/BookStore/backend/src/main/java/com/bookstore/service/BookService.java:[97,95] unmappable character (0xF4) for encoding UTF-8
[ERROR] /D:/BookStore/backend/src/main/java/com/bookstore/service/BookService.java:[100,77] unmappable character (0xE0) for encoding UTF-8
[ERROR] /D:/BookStore/backend/src/main/java/com/bookstore/service/BookService.java:[100,90] unmappable character (0xF4) for encoding UTF-8
[ERROR] /D:/BookStore/backend/src/main/java/com/bookstore/service/BookService.java:[123,16] unmappable character (0xFD) for encoding UTF-8
[ERROR] /D:/BookStore/backend/src/main/java/com/bookstore/service/BookService.java:[123,19] unmappable character (0xE1) for encoding UTF-8
[ERROR] /D:/BookStore/backend/src/main/java/com/bookstore/service/BookService.java:[128,84] unmappable character (0xE1) for encoding UTF-8
[ERROR] /D:/BookStore/backend/src/main/java/com/bookstore/service/BookService.java:[128,93] unmappable character (0xF4) for encoding UTF-8
[ERROR] /D:/BookStore/backend/src/main/java/com/bookstore/service/BookService.java:[139,19] unmappable character (0xD0) for encoding UTF-8
[ERROR] /D:/BookStore/backend/src/main/java/com/bookstore/service/BookService.java:[139,20] unmappable character (0xE3) for encoding UTF-8
[ERROR] /D:/BookStore/backend/src/main/java/com/bookstore/service/BookService.java:[139,27] unmappable character (0xE1) for encoding UTF-8
[ERROR] /D:/BookStore/backend/src/main/java/com/bookstore/service/BookService.java:[147,76] unmappable character (0xE1) for encoding UTF-8
[ERROR] /D:/BookStore/backend/src/main/java/com/bookstore/service/BookService.java:[147,82] unmappable character (0xF4) for encoding UTF-8
[ERROR] /D:/BookStore/backend/src/main/java/com/bookstore/service/BookService.java:[157,77] unmappable character (0xF4) for encoding UTF-8
[ERROR] /D:/BookStore/backend/src/main/java/com/bookstore/service/BookService.java:[157,82] unmappable character (0xEC) for encoding UTF-8
[ERROR] /D:/BookStore/backend/src/main/java/com/bookstore/service/BookService.java:[157,91] unmappable character (0xE1) for encoding UTF-8
[ERROR] /D:/BookStore/backend/src/main/java/com/bookstore/dto/response/BookDetailResponse.java:[1,1] illegal character: '\ufffd'
[ERROR] /D:/BookStore/backend/src/main/java/com/bookstore/dto/response/BookDetailResponse.java:[1,2] illegal character: '\ufffd'
[ERROR] /D:/BookStore/backend/src/main/java/com/bookstore/dto/response/BookDetailResponse.java:[1,3] class, interface, enum, or record expected
[ERROR] /D:/BookStore/backend/src/main/java/com/bookstore/dto/response/BookDetailResponse.java:[1,18] illegal character: '\u0000'
[ERROR] /D:/BookStore/backend/src/main/java/com/bookstore/dto/response/BookDetailResponse.java:[1,26] illegal character: '\u0000'
[ERROR] /D:/BookStore/backend/src/main/java/com/bookstore/dto/response/BookDetailResponse.java:[1,46] illegal character: '\u0000'
[ERROR] /D:/BookStore/backend/src/main/java/com/bookstore/dto/response/BookDetailResponse.java:[1,54] illegal character: '\u0000'
[ERROR] /D:/BookStore/backend/src/main/java/com/bookstore/dto/response/BookDetailResponse.java:[1,72] illegal character: '\u0000'
[ERROR] /D:/BookStore/backend/src/main/java/com/bookstore/dto/response/BookDetailResponse.java:[2,1] illegal character: '\u0000'
[ERROR] /D:/BookStore/backend/src/main/java/com/bookstore/dto/response/BookDetailResponse.java:[3,1] illegal character: '\u0000'
[ERROR] /D:/BookStore/backend/src/main/java/com/bookstore/dto/response/BookDetailResponse.java:[3,15] illegal character: '\u0000'
[ERROR] /D:/BookStore/backend/src/main/java/com/bookstore/dto/response/BookDetailResponse.java:[3,24] class, interface, enum, or record expected
[ERROR] /D:/BookStore/backend/src/main/java/com/bookstore/dto/response/BookDetailResponse.java:[3,25] illegal character: '\u0000'
[ERROR] /D:/BookStore/backend/src/main/java/com/bookstore/dto/response/BookDetailResponse.java:[3,35] illegal character: '\u0000'
[ERROR] /D:/BookStore/backend/src/main/java/com/bookstore/dto/response/BookDetailResponse.java:[3,57] illegal character: '\u0000'
[ERROR] /D:/BookStore/backend/src/main/java/com/bookstore/dto/response/BookDetailResponse.java:[4,1] illegal character: '\u0000'
[ERROR] /D:/BookStore/backend/src/main/java/com/bookstore/dto/response/BookDetailResponse.java:[4,2] class, interface, enum, or record expected
[ERROR] /D:/BookStore/backend/src/main/java/com/bookstore/dto/response/BookDetailResponse.java:[4,15] illegal character: '\u0000'
[ERROR] /D:/BookStore/backend/src/main/java/com/bookstore/dto/response/BookDetailResponse.java:[4,25] illegal character: '\u0000'
[ERROR] /D:/BookStore/backend/src/main/java/com/bookstore/dto/response/BookDetailResponse.java:[4,35] illegal character: '\u0000'
[ERROR] /D:/BookStore/backend/src/main/java/com/bookstore/dto/response/BookDetailResponse.java:[4,45] illegal character: '\u0000'
[ERROR] /D:/BookStore/backend/src/main/java/com/bookstore/dto/response/BookDetailResponse.java:[5,1] illegal character: '\u0000'
[ERROR] /D:/BookStore/backend/src/main/java/com/bookstore/dto/response/BookDetailResponse.java:[5,2] class, interface, enum, or record expected
[ERROR] /D:/BookStore/backend/src/main/java/com/bookstore/dto/response/BookDetailResponse.java:[5,15] illegal character: '\u0000'
[ERROR] /D:/BookStore/backend/src/main/java/com/bookstore/dto/response/BookDetailResponse.java:[5,29] illegal character: '\u0000'
[ERROR] /D:/BookStore/backend/src/main/java/com/bookstore/dto/response/BookDetailResponse.java:[5,67] illegal character: '\u0000'
[ERROR] /D:/BookStore/backend/src/main/java/com/bookstore/dto/response/BookDetailResponse.java:[6,1] illegal character: '\u0000'
[ERROR] /D:/BookStore/backend/src/main/java/com/bookstore/dto/response/BookDetailResponse.java:[6,2] class, interface, enum, or record expected
[ERROR] /D:/BookStore/backend/src/main/java/com/bookstore/dto/response/BookDetailResponse.java:[6,15] illegal character: '\u0000'
[ERROR] /D:/BookStore/backend/src/main/java/com/bookstore/dto/response/BookDetailResponse.java:[6,29] illegal character: '\u0000'
[ERROR] /D:/BookStore/backend/src/main/java/com/bookstore/dto/response/BookDetailResponse.java:[6,45] illegal character: '\u0000'
[ERROR] /D:/BookStore/backend/src/main/java/com/bookstore/dto/response/BookDetailResponse.java:[7,1] illegal character: '\u0000'
[ERROR] /D:/BookStore/backend/src/main/java/com/bookstore/dto/response/BookDetailResponse.java:[7,2] class, interface, enum, or record expected
[ERROR] /D:/BookStore/backend/src/main/java/com/bookstore/dto/response/BookDetailResponse.java:[7,15] illegal character: '\u0000'
[ERROR] /D:/BookStore/backend/src/main/java/com/bookstore/dto/response/BookDetailResponse.java:[7,29] illegal character: '\u0000'
[ERROR] /D:/BookStore/backend/src/main/java/com/bookstore/dto/response/BookDetailResponse.java:[7,39] illegal character: '\u0000'
[ERROR] /D:/BookStore/backend/src/main/java/com/bookstore/dto/response/BookDetailResponse.java:[8,1] illegal character: '\u0000'
[ERROR] /D:/BookStore/backend/src/main/java/com/bookstore/dto/response/BookDetailResponse.java:[8,2] class, interface, enum, or record expected
[ERROR] /D:/BookStore/backend/src/main/java/com/bookstore/dto/response/BookDetailResponse.java:[8,15] illegal character: '\u0000'
[ERROR] /D:/BookStore/backend/src/main/java/com/bookstore/dto/response/BookDetailResponse.java:[8,29] illegal character: '\u0000'
[ERROR] /D:/BookStore/backend/src/main/java/com/bookstore/dto/response/BookDetailResponse.java:[8,65] illegal character: '\u0000'
[ERROR] /D:/BookStore/backend/src/main/java/com/bookstore/dto/response/BookDetailResponse.java:[9,1] illegal character: '\u0000'
[ERROR] /D:/BookStore/backend/src/main/java/com/bookstore/dto/response/BookDetailResponse.java:[10,1] illegal character: '\u0000'
[ERROR] /D:/BookStore/backend/src/main/java/com/bookstore/dto/response/BookDetailResponse.java:[10,3] illegal character: '\u0000'
[ERROR] /D:/BookStore/backend/src/main/java/com/bookstore/dto/response/BookDetailResponse.java:[11,1] illegal character: '\u0000'
[ERROR] /D:/BookStore/backend/src/main/java/com/bookstore/dto/response/BookDetailResponse.java:[11,3] illegal character: '\u0000'
[ERROR] /D:/BookStore/backend/src/main/java/com/bookstore/dto/response/BookDetailResponse.java:[12,1] illegal character: '\u0000'
[ERROR] /D:/BookStore/backend/src/main/java/com/bookstore/dto/response/BookDetailResponse.java:[12,3] illegal character: '\u0000'
[ERROR] /D:/BookStore/backend/src/main/java/com/bookstore/dto/response/BookDetailResponse.java:[13,1] illegal character: '\u0000'
[ERROR] /D:/BookStore/backend/src/main/java/com/bookstore/dto/response/BookDetailResponse.java:[13,3] illegal character: '\u0000'
[ERROR] /D:/BookStore/backend/src/main/java/com/bookstore/dto/response/BookDetailResponse.java:[14,1] illegal character: '\u0000'
[ERROR] /D:/BookStore/backend/src/main/java/com/bookstore/dto/response/BookDetailResponse.java:[14,15] illegal character: '\u0000'
[ERROR] /D:/BookStore/backend/src/main/java/com/bookstore/dto/response/BookDetailResponse.java:[14,27] illegal character: '\u0000'
[ERROR] /D:/BookStore/backend/src/main/java/com/bookstore/dto/response/BookDetailResponse.java:[14,65] illegal character: '\u0000'
[ERROR] /D:/BookStore/backend/src/main/java/com/bookstore/dto/response/BookDetailResponse.java:[14,67] illegal character: '\u0000'
[ERROR] /D:/BookStore/backend/src/main/java/com/bookstore/dto/response/BookDetailResponse.java:[15,1] illegal character: '\u0000'
[ERROR] /D:/BookStore/backend/src/main/java/com/bookstore/dto/response/BookDetailResponse.java:[15,3] illegal character: '\u0000'
[ERROR] /D:/BookStore/backend/src/main/java/com/bookstore/dto/response/BookDetailResponse.java:[15,5] illegal character: '\u0000'
[ERROR] /D:/BookStore/backend/src/main/java/com/bookstore/dto/response/BookDetailResponse.java:[15,7] illegal character: '\u0000'
[ERROR] /D:/BookStore/backend/src/main/java/com/bookstore/dto/response/BookDetailResponse.java:[15,9] illegal character: '\u0000'
[ERROR] /D:/BookStore/backend/src/main/java/com/bookstore/dto/response/BookDetailResponse.java:[15,25] illegal character: '\u0000'
[ERROR] /D:/BookStore/backend/src/main/java/com/bookstore/dto/response/BookDetailResponse.java:[15,35] illegal character: '\u0000'
[ERROR] /D:/BookStore/backend/src/main/java/com/bookstore/dto/response/BookDetailResponse.java:[15,40] class, interface, enum, or record expected
[ERROR] /D:/BookStore/backend/src/main/java/com/bookstore/dto/response/BookDetailResponse.java:[15,41] illegal character: '\u0000'
[ERROR] /D:/BookStore/backend/src/main/java/com/bookstore/dto/response/BookDetailResponse.java:[16,1] illegal character: '\u0000'
[ERROR] /D:/BookStore/backend/src/main/java/com/bookstore/dto/response/BookDetailResponse.java:[16,3] illegal character: '\u0000'
[ERROR] /D:/BookStore/backend/src/main/java/com/bookstore/dto/response/BookDetailResponse.java:[16,5] illegal character: '\u0000'
[ERROR] /D:/BookStore/backend/src/main/java/com/bookstore/dto/response/BookDetailResponse.java:[16,7] illegal character: '\u0000'
[ERROR] /D:/BookStore/backend/src/main/java/com/bookstore/dto/response/BookDetailResponse.java:[16,9] illegal character: '\u0000'
[ERROR] /D:/BookStore/backend/src/main/java/com/bookstore/dto/response/BookDetailResponse.java:[16,25] illegal character: '\u0000'
[ERROR] /D:/BookStore/backend/src/main/java/com/bookstore/dto/response/BookDetailResponse.java:[16,39] illegal character: '\u0000'
[ERROR] /D:/BookStore/backend/src/main/java/com/bookstore/dto/response/BookDetailResponse.java:[16,48] class, interface, enum, or record expected
[ERROR] /D:/BookStore/backend/src/main/java/com/bookstore/dto/response/BookDetailResponse.java:[16,49] illegal character: '\u0000'
[ERROR] /D:/BookStore/backend/src/main/java/com/bookstore/dto/response/BookDetailResponse.java:[17,1] illegal character: '\u0000'
[ERROR] /D:/BookStore/backend/src/main/java/com/bookstore/dto/response/BookDetailResponse.java:[17,3] illegal character: '\u0000'
[ERROR] /D:/BookStore/backend/src/main/java/com/bookstore/dto/response/BookDetailResponse.java:[17,5] illegal character: '\u0000'
[ERROR] /D:/BookStore/backend/src/main/java/com/bookstore/dto/response/BookDetailResponse.java:[17,7] illegal character: '\u0000'
[ERROR] /D:/BookStore/backend/src/main/java/com/bookstore/dto/response/BookDetailResponse.java:[17,9] illegal character: '\u0000'
[ERROR] /D:/BookStore/backend/src/main/java/com/bookstore/dto/response/BookDetailResponse.java:[17,25] illegal character: '\u0000'
[ERROR] /D:/BookStore/backend/src/main/java/com/bookstore/dto/response/BookDetailResponse.java:[17,39] illegal character: '\u0000'
[ERROR] /D:/BookStore/backend/src/main/java/com/bookstore/dto/response/BookDetailResponse.java:[17,50] class, interface, enum, or record expected
[ERROR] /D:/BookStore/backend/src/main/java/com/bookstore/dto/response/BookDetailResponse.java:[17,51] illegal character: '\u0000'
[ERROR] /D:/BookStore/backend/src/main/java/com/bookstore/dto/response/BookDetailResponse.java:[18,1] illegal character: '\u0000'
[ERROR] /D:/BookStore/backend/src/main/java/com/bookstore/dto/response/BookDetailResponse.java:[18,3] illegal character: '\u0000'
[ERROR] /D:/BookStore/backend/src/main/java/com/bookstore/dto/response/BookDetailResponse.java:[18,5] illegal character: '\u0000'
[ERROR] /D:/BookStore/backend/src/main/java/com/bookstore/dto/response/BookDetailResponse.java:[18,7] illegal character: '\u0000'
[ERROR] /D:/BookStore/backend/src/main/java/com/bookstore/dto/response/BookDetailResponse.java:[18,9] illegal character: '\u0000'
[ERROR] /D:/BookStore/backend/src/main/java/com/bookstore/dto/response/BookDetailResponse.java:[18,25] illegal character: '\u0000'
[ERROR] /D:/BookStore/backend/src/main/java/com/bookstore/dto/response/BookDetailResponse.java:[18,35] illegal character: '\u0000'
[ERROR] /D:/BookStore/backend/src/main/java/com/bookstore/dto/response/BookDetailResponse.java:[18,65] illegal character: '\u0000'
[ERROR] /D:/BookStore/backend/src/main/java/com/bookstore/dto/response/BookDetailResponse.java:[18,67] illegal character: '\u0000'
[ERROR] /D:/BookStore/backend/src/main/java/com/bookstore/dto/response/BookDetailResponse.java:[18,83] illegal character: '\u0000'
[ERROR] /D:/BookStore/backend/src/main/java/com/bookstore/dto/response/BookDetailResponse.java:[19,1] illegal character: '\u0000'
[ERROR] /D:/BookStore/backend/src/main/java/com/bookstore/dto/response/BookDetailResponse.java:[19,3] illegal character: '\u0000'
[ERROR] /D:/BookStore/backend/src/main/java/com/bookstore/dto/response/BookDetailResponse.java:[19,5] illegal character: '\u0000'
[ERROR] /D:/BookStore/backend/src/main/java/com/bookstore/dto/response/BookDetailResponse.java:[19,7] illegal character: '\u0000'
[ERROR] /D:/BookStore/backend/src/main/java/com/bookstore/dto/response/BookDetailResponse.java:[19,9] illegal character: '\u0000'
[ERROR] /D:/BookStore/backend/src/main/java/com/bookstore/dto/response/BookDetailResponse.java:[19,25] illegal character: '\u0000'
[ERROR] /D:/BookStore/backend/src/main/java/com/bookstore/dto/response/BookDetailResponse.java:[19,59] illegal character: '\u0000'
[ERROR] /D:/BookStore/backend/src/main/java/com/bookstore/dto/response/BookDetailResponse.java:[19,76] class, interface, enum, or record expected
[INFO] 158 errors 
[INFO] -------------------------------------------------------------
[INFO] ------------------------------------------------------------------------
[INFO] BUILD FAILURE
[INFO] ------------------------------------------------------------------------
[INFO] Total time:  2.380 s
[INFO] Finished at: 2026-04-07T00:26:45+07:00
[INFO] ------------------------------------------------------------------------
[ERROR] Failed to execute goal org.apache.maven.plugins:maven-compiler-plugin:3.13.0:compile (default-compile) on project BookStore: Compilation failure: Compilation failure: 
[ERROR] /D:/BookStore/backend/src/main/java/com/bookstore/controller/BookController.java:[35,22] unmappable character (0xE1) for encoding UTF-8
[ERROR] /D:/BookStore/backend/src/main/java/com/bookstore/controller/BookController.java:[39,69] unmappable character (0xE1) for encoding UTF-8
[ERROR] /D:/BookStore/backend/src/main/java/com/bookstore/controller/BookController.java:[39,75] unmappable character (0xE0) for encoding UTF-8
[ERROR] /D:/BookStore/backend/src/main/java/com/bookstore/controller/BookController.java:[39,80] unmappable character (0xF4) for encoding UTF-8
[ERROR] /D:/BookStore/backend/src/main/java/com/bookstore/controller/BookController.java:[44,18] unmappable character (0xE1) for encoding UTF-8
[ERROR] /D:/BookStore/backend/src/main/java/com/bookstore/controller/BookController.java:[44,23] unmappable character (0xE1) for encoding UTF-8
[ERROR] /D:/BookStore/backend/src/main/java/com/bookstore/controller/BookController.java:[44,52] unmappable character (0xE2) for encoding UTF-8
[ERROR] /D:/BookStore/backend/src/main/java/com/bookstore/controller/BookController.java:[56,65] unmappable character (0xE1) for encoding UTF-8
[ERROR] /D:/BookStore/backend/src/main/java/com/bookstore/controller/BookController.java:[56,70] unmappable character (0xE1) for encoding UTF-8
[ERROR] /D:/BookStore/backend/src/main/java/com/bookstore/controller/BookController.java:[56,76] unmappable character (0xE0) for encoding UTF-8
[ERROR] /D:/BookStore/backend/src/main/java/com/bookstore/controller/BookController.java:[56,81] unmappable character (0xF4) for encoding UTF-8
[ERROR] /D:/BookStore/backend/src/main/java/com/bookstore/controller/BookController.java:[61,9] unmappable character (0xE1) for encoding UTF-8
[ERROR] /D:/BookStore/backend/src/main/java/com/bookstore/controller/BookController.java:[68,60] unmappable character (0xE1) for encoding UTF-8
[ERROR] /D:/BookStore/backend/src/main/java/com/bookstore/controller/BookController.java:[68,74] unmappable character (0xE0) for encoding UTF-8
[ERROR] /D:/BookStore/backend/src/main/java/com/bookstore/controller/BookController.java:[68,79] unmappable character (0xF4) for encoding UTF-8
[ERROR] /D:/BookStore/backend/src/main/java/com/bookstore/controller/BookController.java:[73,9] unmappable character (0xE1) for encoding UTF-8
[ERROR] /D:/BookStore/backend/src/main/java/com/bookstore/controller/BookController.java:[73,14] unmappable character (0xE1) for encoding UTF-8
[ERROR] /D:/BookStore/backend/src/main/java/com/bookstore/controller/BookController.java:[80,60] unmappable character (0xE1) for encoding UTF-8
[ERROR] /D:/BookStore/backend/src/main/java/com/bookstore/controller/BookController.java:[80,65] unmappable character (0xE1) for encoding UTF-8
[ERROR] /D:/BookStore/backend/src/main/java/com/bookstore/controller/BookController.java:[80,75] unmappable character (0xE0) for encoding UTF-8
[ERROR] /D:/BookStore/backend/src/main/java/com/bookstore/controller/BookController.java:[80,80] unmappable character (0xF4) for encoding UTF-8
[ERROR] /D:/BookStore/backend/src/main/java/com/bookstore/controller/BookController.java:[85,9] unmappable character (0xEC) for encoding UTF-8
[ERROR] /D:/BookStore/backend/src/main/java/com/bookstore/controller/BookController.java:[85,18] unmappable character (0xE1) for encoding UTF-8
[ERROR] /D:/BookStore/backend/src/main/java/com/bookstore/controller/BookController.java:[93,56] unmappable character (0xEC) for encoding UTF-8
[ERROR] /D:/BookStore/backend/src/main/java/com/bookstore/controller/BookController.java:[93,65] unmappable character (0xE1) for encoding UTF-8
[ERROR] /D:/BookStore/backend/src/main/java/com/bookstore/controller/BookController.java:[93,71] unmappable character (0xE0) for encoding UTF-8
[ERROR] /D:/BookStore/backend/src/main/java/com/bookstore/controller/BookController.java:[93,76] unmappable character (0xF4) for encoding UTF-8
[ERROR] /D:/BookStore/backend/src/main/java/com/bookstore/controller/BookController.java:[98,13] unmappable character (0xE1) for encoding UTF-8
[ERROR] /D:/BookStore/backend/src/main/java/com/bookstore/controller/BookController.java:[104,49] unmappable character (0xE1) for encoding UTF-8
[ERROR] /D:/BookStore/backend/src/main/java/com/bookstore/controller/BookController.java:[104,55] unmappable character (0xE0) for encoding UTF-8
[ERROR] /D:/BookStore/backend/src/main/java/com/bookstore/controller/BookController.java:[104,60] unmappable character (0xF4) for encoding UTF-8
[ERROR] /D:/BookStore/backend/src/main/java/com/bookstore/controller/BookController.java:[109,26] unmappable character (0xE1) for encoding UTF-8
[ERROR] /D:/BookStore/backend/src/main/java/com/bookstore/controller/BookController.java:[115,72] unmappable character (0xE1) for encoding UTF-8
[ERROR] /D:/BookStore/backend/src/main/java/com/bookstore/controller/BookController.java:[115,76] unmappable character (0xE1) for encoding UTF-8
[ERROR] /D:/BookStore/backend/src/main/java/com/bookstore/controller/BookController.java:[115,82] unmappable character (0xE0) for encoding UTF-8
[ERROR] /D:/BookStore/backend/src/main/java/com/bookstore/controller/BookController.java:[115,87] unmappable character (0xF4) for encoding UTF-8
[ERROR] /D:/BookStore/backend/src/main/java/com/bookstore/dto/response/BookDetailResponse.java:[1,1] unmappable character (0xFF) for encoding UTF-8
[ERROR] /D:/BookStore/backend/src/main/java/com/bookstore/dto/response/BookDetailResponse.java:[1,2] unmappable character (0xFE) for encoding UTF-8
[ERROR] /D:/BookStore/backend/src/main/java/com/bookstore/dto/response/BookSummaryResponse.java:[1,1] unmappable character (0xFF) for encoding UTF-8
[ERROR] /D:/BookStore/backend/src/main/java/com/bookstore/dto/response/BookSummaryResponse.java:[1,2] unmappable character (0xFE) for encoding UTF-8
[ERROR] /D:/BookStore/backend/src/main/java/com/bookstore/service/BookService.java:[91,28] unmappable character (0xF4) for encoding UTF-8
[ERROR] /D:/BookStore/backend/src/main/java/com/bookstore/service/BookService.java:[91,34] unmappable character (0xF9) for encoding UTF-8
[ERROR] /D:/BookStore/backend/src/main/java/com/bookstore/service/BookService.java:[93,70] unmappable character (0xE3) for encoding UTF-8
[ERROR] /D:/BookStore/backend/src/main/java/com/bookstore/service/BookService.java:[97,95] unmappable character (0xF4) for encoding UTF-8
[ERROR] /D:/BookStore/backend/src/main/java/com/bookstore/service/BookService.java:[100,77] unmappable character (0xE0) for encoding UTF-8
[ERROR] /D:/BookStore/backend/src/main/java/com/bookstore/service/BookService.java:[100,90] unmappable character (0xF4) for encoding UTF-8
[ERROR] /D:/BookStore/backend/src/main/java/com/bookstore/service/BookService.java:[123,16] unmappable character (0xFD) for encoding UTF-8
[ERROR] /D:/BookStore/backend/src/main/java/com/bookstore/service/BookService.java:[123,19] unmappable character (0xE1) for encoding UTF-8
[ERROR] /D:/BookStore/backend/src/main/java/com/bookstore/service/BookService.java:[128,84] unmappable character (0xE1) for encoding UTF-8
[ERROR] /D:/BookStore/backend/src/main/java/com/bookstore/service/BookService.java:[128,93] unmappable character (0xF4) for encoding UTF-8
[ERROR] /D:/BookStore/backend/src/main/java/com/bookstore/service/BookService.java:[139,19] unmappable character (0xD0) for encoding UTF-8
[ERROR] /D:/BookStore/backend/src/main/java/com/bookstore/service/BookService.java:[139,20] unmappable character (0xE3) for encoding UTF-8
[ERROR] /D:/BookStore/backend/src/main/java/com/bookstore/service/BookService.java:[139,27] unmappable character (0xE1) for encoding UTF-8
[ERROR] /D:/BookStore/backend/src/main/java/com/bookstore/service/BookService.java:[147,76] unmappable character (0xE1) for encoding UTF-8
[ERROR] /D:/BookStore/backend/src/main/java/com/bookstore/service/BookService.java:[147,82] unmappable character (0xF4) for encoding UTF-8
[ERROR] /D:/BookStore/backend/src/main/java/com/bookstore/service/BookService.java:[157,77] unmappable character (0xF4) for encoding UTF-8
[ERROR] /D:/BookStore/backend/src/main/java/com/bookstore/service/BookService.java:[157,82] unmappable character (0xEC) for encoding UTF-8
[ERROR] /D:/BookStore/backend/src/main/java/com/bookstore/service/BookService.java:[157,91] unmappable character (0xE1) for encoding UTF-8
[ERROR] /D:/BookStore/backend/src/main/java/com/bookstore/dto/response/BookDetailResponse.java:[1,1] illegal character: '\ufffd'
[ERROR] /D:/BookStore/backend/src/main/java/com/bookstore/dto/response/BookDetailResponse.java:[1,2] illegal character: '\ufffd'
[ERROR] /D:/BookStore/backend/src/main/java/com/bookstore/dto/response/BookDetailResponse.java:[1,3] class, interface, enum, or record expected
[ERROR] /D:/BookStore/backend/src/main/java/com/bookstore/dto/response/BookDetailResponse.java:[1,18] illegal character: '\u0000'
[ERROR] /D:/BookStore/backend/src/main/java/com/bookstore/dto/response/BookDetailResponse.java:[1,26] illegal character: '\u0000'
[ERROR] /D:/BookStore/backend/src/main/java/com/bookstore/dto/response/BookDetailResponse.java:[1,46] illegal character: '\u0000'
[ERROR] /D:/BookStore/backend/src/main/java/com/bookstore/dto/response/BookDetailResponse.java:[1,54] illegal character: '\u0000'
[ERROR] /D:/BookStore/backend/src/main/java/com/bookstore/dto/response/BookDetailResponse.java:[1,72] illegal character: '\u0000'
[ERROR] /D:/BookStore/backend/src/main/java/com/bookstore/dto/response/BookDetailResponse.java:[2,1] illegal character: '\u0000'
[ERROR] /D:/BookStore/backend/src/main/java/com/bookstore/dto/response/BookDetailResponse.java:[3,1] illegal character: '\u0000'
[ERROR] /D:/BookStore/backend/src/main/java/com/bookstore/dto/response/BookDetailResponse.java:[3,15] illegal character: '\u0000'
[ERROR] /D:/BookStore/backend/src/main/java/com/bookstore/dto/response/BookDetailResponse.java:[3,24] class, interface, enum, or record expected
[ERROR] /D:/BookStore/backend/src/main/java/com/bookstore/dto/response/BookDetailResponse.java:[3,25] illegal character: '\u0000'
[ERROR] /D:/BookStore/backend/src/main/java/com/bookstore/dto/response/BookDetailResponse.java:[3,35] illegal character: '\u0000'
[ERROR] /D:/BookStore/backend/src/main/java/com/bookstore/dto/response/BookDetailResponse.java:[3,57] illegal character: '\u0000'
[ERROR] /D:/BookStore/backend/src/main/java/com/bookstore/dto/response/BookDetailResponse.java:[4,1] illegal character: '\u0000'
[ERROR] /D:/BookStore/backend/src/main/java/com/bookstore/dto/response/BookDetailResponse.java:[4,2] class, interface, enum, or record expected
[ERROR] /D:/BookStore/backend/src/main/java/com/bookstore/dto/response/BookDetailResponse.java:[4,15] illegal character: '\u0000'
[ERROR] /D:/BookStore/backend/src/main/java/com/bookstore/dto/response/BookDetailResponse.java:[4,25] illegal character: '\u0000'
[ERROR] /D:/BookStore/backend/src/main/java/com/bookstore/dto/response/BookDetailResponse.java:[4,35] illegal character: '\u0000'
[ERROR] /D:/BookStore/backend/src/main/java/com/bookstore/dto/response/BookDetailResponse.java:[4,45] illegal character: '\u0000'
[ERROR] /D:/BookStore/backend/src/main/java/com/bookstore/dto/response/BookDetailResponse.java:[5,1] illegal character: '\u0000'
[ERROR] /D:/BookStore/backend/src/main/java/com/bookstore/dto/response/BookDetailResponse.java:[5,2] class, interface, enum, or record expected
[ERROR] /D:/BookStore/backend/src/main/java/com/bookstore/dto/response/BookDetailResponse.java:[5,15] illegal character: '\u0000'
[ERROR] /D:/BookStore/backend/src/main/java/com/bookstore/dto/response/BookDetailResponse.java:[5,29] illegal character: '\u0000'
[ERROR] /D:/BookStore/backend/src/main/java/com/bookstore/dto/response/BookDetailResponse.java:[5,67] illegal character: '\u0000'
[ERROR] /D:/BookStore/backend/src/main/java/com/bookstore/dto/response/BookDetailResponse.java:[6,1] illegal character: '\u0000'
[ERROR] /D:/BookStore/backend/src/main/java/com/bookstore/dto/response/BookDetailResponse.java:[6,2] class, interface, enum, or record expected
[ERROR] /D:/BookStore/backend/src/main/java/com/bookstore/dto/response/BookDetailResponse.java:[6,15] illegal character: '\u0000'
[ERROR] /D:/BookStore/backend/src/main/java/com/bookstore/dto/response/BookDetailResponse.java:[6,29] illegal character: '\u0000'
[ERROR] /D:/BookStore/backend/src/main/java/com/bookstore/dto/response/BookDetailResponse.java:[6,45] illegal character: '\u0000'
[ERROR] /D:/BookStore/backend/src/main/java/com/bookstore/dto/response/BookDetailResponse.java:[7,1] illegal character: '\u0000'
[ERROR] /D:/BookStore/backend/src/main/java/com/bookstore/dto/response/BookDetailResponse.java:[7,2] class, interface, enum, or record expected
[ERROR] /D:/BookStore/backend/src/main/java/com/bookstore/dto/response/BookDetailResponse.java:[7,15] illegal character: '\u0000'
[ERROR] /D:/BookStore/backend/src/main/java/com/bookstore/dto/response/BookDetailResponse.java:[7,29] illegal character: '\u0000'
[ERROR] /D:/BookStore/backend/src/main/java/com/bookstore/dto/response/BookDetailResponse.java:[7,39] illegal character: '\u0000'
[ERROR] /D:/BookStore/backend/src/main/java/com/bookstore/dto/response/BookDetailResponse.java:[8,1] illegal character: '\u0000'
[ERROR] /D:/BookStore/backend/src/main/java/com/bookstore/dto/response/BookDetailResponse.java:[8,2] class, interface, enum, or record expected
[ERROR] /D:/BookStore/backend/src/main/java/com/bookstore/dto/response/BookDetailResponse.java:[8,15] illegal character: '\u0000'
[ERROR] /D:/BookStore/backend/src/main/java/com/bookstore/dto/response/BookDetailResponse.java:[8,29] illegal character: '\u0000'
[ERROR] /D:/BookStore/backend/src/main/java/com/bookstore/dto/response/BookDetailResponse.java:[8,65] illegal character: '\u0000'
[ERROR] /D:/BookStore/backend/src/main/java/com/bookstore/dto/response/BookDetailResponse.java:[9,1] illegal character: '\u0000'
[ERROR] /D:/BookStore/backend/src/main/java/com/bookstore/dto/response/BookDetailResponse.java:[10,1] illegal character: '\u0000'
[ERROR] /D:/BookStore/backend/src/main/java/com/bookstore/dto/response/BookDetailResponse.java:[10,3] illegal character: '\u0000'
[ERROR] /D:/BookStore/backend/src/main/java/com/bookstore/dto/response/BookDetailResponse.java:[11,1] illegal character: '\u0000'
[ERROR] /D:/BookStore/backend/src/main/java/com/bookstore/dto/response/BookDetailResponse.java:[11,3] illegal character: '\u0000'
[ERROR] /D:/BookStore/backend/src/main/java/com/bookstore/dto/response/BookDetailResponse.java:[12,1] illegal character: '\u0000'
[ERROR] /D:/BookStore/backend/src/main/java/com/bookstore/dto/response/BookDetailResponse.java:[12,3] illegal character: '\u0000'
[ERROR] /D:/BookStore/backend/src/main/java/com/bookstore/dto/response/BookDetailResponse.java:[13,1] illegal character: '\u0000'
[ERROR] /D:/BookStore/backend/src/main/java/com/bookstore/dto/response/BookDetailResponse.java:[13,3] illegal character: '\u0000'
[ERROR] /D:/BookStore/backend/src/main/java/com/bookstore/dto/response/BookDetailResponse.java:[14,1] illegal character: '\u0000'
[ERROR] /D:/BookStore/backend/src/main/java/com/bookstore/dto/response/BookDetailResponse.java:[14,15] illegal character: '\u0000'
[ERROR] /D:/BookStore/backend/src/main/java/com/bookstore/dto/response/BookDetailResponse.java:[14,27] illegal character: '\u0000'
[ERROR] /D:/BookStore/backend/src/main/java/com/bookstore/dto/response/BookDetailResponse.java:[14,65] illegal character: '\u0000'
[ERROR] /D:/BookStore/backend/src/main/java/com/bookstore/dto/response/BookDetailResponse.java:[14,67] illegal character: '\u0000'
[ERROR] /D:/BookStore/backend/src/main/java/com/bookstore/dto/response/BookDetailResponse.java:[15,1] illegal character: '\u0000'
[ERROR] /D:/BookStore/backend/src/main/java/com/bookstore/dto/response/BookDetailResponse.java:[15,3] illegal character: '\u0000'
[ERROR] /D:/BookStore/backend/src/main/java/com/bookstore/dto/response/BookDetailResponse.java:[15,5] illegal character: '\u0000'
[ERROR] /D:/BookStore/backend/src/main/java/com/bookstore/dto/response/BookDetailResponse.java:[15,7] illegal character: '\u0000'
[ERROR] /D:/BookStore/backend/src/main/java/com/bookstore/dto/response/BookDetailResponse.java:[15,9] illegal character: '\u0000'
[ERROR] /D:/BookStore/backend/src/main/java/com/bookstore/dto/response/BookDetailResponse.java:[15,25] illegal character: '\u0000'
[ERROR] /D:/BookStore/backend/src/main/java/com/bookstore/dto/response/BookDetailResponse.java:[15,35] illegal character: '\u0000'
[ERROR] /D:/BookStore/backend/src/main/java/com/bookstore/dto/response/BookDetailResponse.java:[15,40] class, interface, enum, or record expected
[ERROR] /D:/BookStore/backend/src/main/java/com/bookstore/dto/response/BookDetailResponse.java:[15,41] illegal character: '\u0000'
[ERROR] /D:/BookStore/backend/src/main/java/com/bookstore/dto/response/BookDetailResponse.java:[16,1] illegal character: '\u0000'
[ERROR] /D:/BookStore/backend/src/main/java/com/bookstore/dto/response/BookDetailResponse.java:[16,3] illegal character: '\u0000'
[ERROR] /D:/BookStore/backend/src/main/java/com/bookstore/dto/response/BookDetailResponse.java:[16,5] illegal character: '\u0000'
[ERROR] /D:/BookStore/backend/src/main/java/com/bookstore/dto/response/BookDetailResponse.java:[16,7] illegal character: '\u0000'
[ERROR] /D:/BookStore/backend/src/main/java/com/bookstore/dto/response/BookDetailResponse.java:[16,9] illegal character: '\u0000'
[ERROR] /D:/BookStore/backend/src/main/java/com/bookstore/dto/response/BookDetailResponse.java:[16,25] illegal character: '\u0000'
[ERROR] /D:/BookStore/backend/src/main/java/com/bookstore/dto/response/BookDetailResponse.java:[16,39] illegal character: '\u0000'
[ERROR] /D:/BookStore/backend/src/main/java/com/bookstore/dto/response/BookDetailResponse.java:[16,48] class, interface, enum, or record expected
[ERROR] /D:/BookStore/backend/src/main/java/com/bookstore/dto/response/BookDetailResponse.java:[16,49] illegal character: '\u0000'
[ERROR] /D:/BookStore/backend/src/main/java/com/bookstore/dto/response/BookDetailResponse.java:[17,1] illegal character: '\u0000'
[ERROR] /D:/BookStore/backend/src/main/java/com/bookstore/dto/response/BookDetailResponse.java:[17,3] illegal character: '\u0000'
[ERROR] /D:/BookStore/backend/src/main/java/com/bookstore/dto/response/BookDetailResponse.java:[17,5] illegal character: '\u0000'
[ERROR] /D:/BookStore/backend/src/main/java/com/bookstore/dto/response/BookDetailResponse.java:[17,7] illegal character: '\u0000'
[ERROR] /D:/BookStore/backend/src/main/java/com/bookstore/dto/response/BookDetailResponse.java:[17,9] illegal character: '\u0000'
[ERROR] /D:/BookStore/backend/src/main/java/com/bookstore/dto/response/BookDetailResponse.java:[17,25] illegal character: '\u0000'
[ERROR] /D:/BookStore/backend/src/main/java/com/bookstore/dto/response/BookDetailResponse.java:[17,39] illegal character: '\u0000'
[ERROR] /D:/BookStore/backend/src/main/java/com/bookstore/dto/response/BookDetailResponse.java:[17,50] class, interface, enum, or record expected
[ERROR] /D:/BookStore/backend/src/main/java/com/bookstore/dto/response/BookDetailResponse.java:[17,51] illegal character: '\u0000'
[ERROR] /D:/BookStore/backend/src/main/java/com/bookstore/dto/response/BookDetailResponse.java:[18,1] illegal character: '\u0000'
[ERROR] /D:/BookStore/backend/src/main/java/com/bookstore/dto/response/BookDetailResponse.java:[18,3] illegal character: '\u0000'
[ERROR] /D:/BookStore/backend/src/main/java/com/bookstore/dto/response/BookDetailResponse.java:[18,5] illegal character: '\u0000'
[ERROR] /D:/BookStore/backend/src/main/java/com/bookstore/dto/response/BookDetailResponse.java:[18,7] illegal character: '\u0000'
[ERROR] /D:/BookStore/backend/src/main/java/com/bookstore/dto/response/BookDetailResponse.java:[18,9] illegal character: '\u0000'
[ERROR] /D:/BookStore/backend/src/main/java/com/bookstore/dto/response/BookDetailResponse.java:[18,25] illegal character: '\u0000'
[ERROR] /D:/BookStore/backend/src/main/java/com/bookstore/dto/response/BookDetailResponse.java:[18,35] illegal character: '\u0000'
[ERROR] /D:/BookStore/backend/src/main/java/com/bookstore/dto/response/BookDetailResponse.java:[18,65] illegal character: '\u0000'
[ERROR] /D:/BookStore/backend/src/main/java/com/bookstore/dto/response/BookDetailResponse.java:[18,67] illegal character: '\u0000'
[ERROR] /D:/BookStore/backend/src/main/java/com/bookstore/dto/response/BookDetailResponse.java:[18,83] illegal character: '\u0000'
[ERROR] /D:/BookStore/backend/src/main/java/com/bookstore/dto/response/BookDetailResponse.java:[19,1] illegal character: '\u0000'
[ERROR] /D:/BookStore/backend/src/main/java/com/bookstore/dto/response/BookDetailResponse.java:[19,3] illegal character: '\u0000'
[ERROR] /D:/BookStore/backend/src/main/java/com/bookstore/dto/response/BookDetailResponse.java:[19,5] illegal character: '\u0000'
[ERROR] /D:/BookStore/backend/src/main/java/com/bookstore/dto/response/BookDetailResponse.java:[19,7] illegal character: '\u0000'
[ERROR] /D:/BookStore/backend/src/main/java/com/bookstore/dto/response/BookDetailResponse.java:[19,9] illegal character: '\u0000'
[ERROR] /D:/BookStore/backend/src/main/java/com/bookstore/dto/response/BookDetailResponse.java:[19,25] illegal character: '\u0000'
[ERROR] /D:/BookStore/backend/src/main/java/com/bookstore/dto/response/BookDetailResponse.java:[19,59] illegal character: '\u0000'
[ERROR] /D:/BookStore/backend/src/main/java/com/bookstore/dto/response/BookDetailResponse.java:[19,76] class, interface, enum, or record expected
[ERROR] -> [Help 1]
[ERROR] 
[ERROR] To see the full stack trace of the errors, re-run Maven with the -e switch.
[ERROR] Re-run Maven using the -X switch to enable full debug logging.
[ERROR] 
[ERROR] For more information about the errors and possible solutions, please read the following articles:
[ERROR] [Help 1] http://cwiki.apache.org/confluence/display/MAVEN/MojoFailureException
